#
# There is insufficient memory for the Java Runtime Environment to continue.
# Native memory allocation (malloc) failed to allocate 6695120 bytes. Error detail: Chunk::new
# Possible reasons:
#   The system is out of physical RAM or swap space
#   This process is running with CompressedOops enabled, and the Java Heap may be blocking the growth of the native heap
# Possible solutions:
#   Reduce memory load on the system
#   Increase physical memory or swap space
#   Check if swap backing store is full
#   Decrease Java heap size (-Xmx/-Xms)
#   Decrease number of Java threads
#   Decrease Java thread stack sizes (-Xss)
#   Set larger code cache with -XX:ReservedCodeCacheSize=
#   JVM is running with Unscaled Compressed Oops mode in which the Java heap is
#     placed in the first 4GB address space. The Java Heap base address is the
#     maximum limit for the native heap growth. Please use -XX:HeapBaseMinAddress
#     to set the Java Heap base and to place the Java Heap above 4GB virtual address.
# This output file may be truncated or incomplete.
#
#  Out of Memory Error (arena.cpp:162), pid=27736, tid=23500
#
# JRE version: Java(TM) SE Runtime Environment (24.0.1+9) (build 24.0.1+9-30)
# Java VM: Java HotSpot(TM) 64-Bit Server VM (24.0.1+9-30, mixed mode, sharing, tiered, compressed oops, compressed class ptrs, g1 gc, windows-amd64)
# No core dump will be written. Minidumps are not enabled by default on client versions of Windows
#

---------------  S U M M A R Y ------------

Command Line: -ea -Dfile.encoding=UTF-8 -Dstdout.encoding=UTF-8 -Dstderr.encoding=UTF-8 -XX:+ShowCodeDetailsInExceptionMessages org.testng.remote.RemoteTestNG -serport 65397 -protocol json -d C:\eclipse-java-2025-03-R-win32-x86_64\eclipse\sample\test-output C:\Users\labsa\AppData\Local\Temp\testng-eclipse--1917317915\testng-customsuite.xml

Host: 11th Gen Intel(R) Core(TM) i3-1125G4 @ 2.00GHz, 8 cores, 7G,  Windows 11 , 64 bit Build 26100 (10.0.26100.8328)
Time: Thu Sep  3 19:29:15 2026 India Standard Time elapsed time: 73.192248 seconds (0d 0h 1m 13s)

---------------  T H R E A D  ---------------

Current thread (0x000001363208a9c0):  JavaThread "C2 CompilerThread0" daemon [_thread_in_native, id=23500, stack(0x0000002502100000,0x0000002502200000) (1024K)]


Current CompileTask:
C2:73192 2389       4       jdk.internal.loader.URLClassPath::getResource (71 bytes)

Stack: [0x0000002502100000,0x0000002502200000]
Native frames: (J=compiled Java code, j=interpreted, Vv=VM code, C=native code)
V  [jvm.dll+0x730739]  (no source info available)
V  [jvm.dll+0x8d9b23]  (no source info available)
V  [jvm.dll+0x8dc00d]  (no source info available)
V  [jvm.dll+0x8dc683]  (no source info available)
V  [jvm.dll+0x2aa086]  (no source info available)
V  [jvm.dll+0xcedef]  (no source info available)
V  [jvm.dll+0xcf04f]  (no source info available)
V  [jvm.dll+0x154d83]  (no source info available)
V  [jvm.dll+0x735f5f]  (no source info available)
V  [jvm.dll+0x26fa1c]  (no source info available)
V  [jvm.dll+0x26ea3f]  (no source info available)
V  [jvm.dll+0x1e9d60]  (no source info available)
V  [jvm.dll+0x27e1fb]  (no source info available)
V  [jvm.dll+0x27c49a]  (no source info available)
V  [jvm.dll+0x42f456]  (no source info available)
V  [jvm.dll+0x87d76b]  (no source info available)
V  [jvm.dll+0x72ee55]  (no source info available)
C  [ucrtbase.dll+0x37b0]  (no source info available)
C  [KERNEL32.DLL+0x2e957]  (no source info available)
C  [ntdll.dll+0x427c]  (no source info available)

Lock stack of current Java thread (top to bottom):


---------------  P R O C E S S  ---------------

Threads class SMR info:
_java_thread_list=0x0000013615a6a5d0, length=20, elements={
0x000001361358f130, 0x000001363207ee90, 0x0000013632080140, 0x0000013632083270,
0x0000013632085db0, 0x0000013632087bf0, 0x0000013632089b60, 0x000001363208a9c0,
0x0000013632714090, 0x00000136327a6260, 0x00000136327b0c80, 0x00000136787c59c0,
0x0000013678a04240, 0x0000013678a25070, 0x0000013678a257b0, 0x0000013678a65a00,
0x0000013678d86490, 0x0000013678d88920, 0x0000013678d85d40, 0x0000013678d86be0
}

Java Threads: ( => current thread )
  0x000001361358f130 JavaThread "Forwarding executeScript on session af0af305-c273-410f-8c5f-3933a1ee5e2d to remote"        [_thread_blocked, id=26108, stack(0x0000002501300000,0x0000002501400000) (1024K)]
  0x000001363207ee90 JavaThread "Reference Handler"          daemon [_thread_blocked, id=9532, stack(0x0000002501b00000,0x0000002501c00000) (1024K)]
  0x0000013632080140 JavaThread "Finalizer"                  daemon [_thread_blocked, id=31568, stack(0x0000002501c00000,0x0000002501d00000) (1024K)]
  0x0000013632083270 JavaThread "Signal Dispatcher"          daemon [_thread_blocked, id=26984, stack(0x0000002501d00000,0x0000002501e00000) (1024K)]
  0x0000013632085db0 JavaThread "Attach Listener"            daemon [_thread_blocked, id=2876, stack(0x0000002501e00000,0x0000002501f00000) (1024K)]
  0x0000013632087bf0 JavaThread "Service Thread"             daemon [_thread_blocked, id=42300, stack(0x0000002501f00000,0x0000002502000000) (1024K)]
  0x0000013632089b60 JavaThread "Monitor Deflation Thread"   daemon [_thread_blocked, id=46004, stack(0x0000002502000000,0x0000002502100000) (1024K)]
=>0x000001363208a9c0 JavaThread "C2 CompilerThread0"         daemon [_thread_in_native, id=23500, stack(0x0000002502100000,0x0000002502200000) (1024K)]
  0x0000013632714090 JavaThread "C1 CompilerThread0"         daemon [_thread_blocked, id=34220, stack(0x0000002502200000,0x0000002502300000) (1024K)]
  0x00000136327a6260 JavaThread "Notification Thread"        daemon [_thread_blocked, id=31668, stack(0x0000002502300000,0x0000002502400000) (1024K)]
  0x00000136327b0c80 JavaThread "Common-Cleaner"             daemon [_thread_blocked, id=33696, stack(0x0000002502400000,0x0000002502500000) (1024K)]
  0x00000136787c59c0 JavaThread "ReaderThread"                      [_thread_in_native, id=21716, stack(0x0000002502600000,0x0000002502700000) (1024K)]
  0x0000013678a04240 JavaThread "HttpClient-1-SelectorManager" daemon [_thread_in_native, id=26336, stack(0x0000002502800000,0x0000002502900000) (1024K)]
  0x0000013678a25070 JavaThread "External Process Output Forwarder - C:\eclipse-java-2025-03-R-win32-x86_64\eclipse\driver\geckodriver-v0.34.0-win64\geckodriver.exe" daemon [_thread_in_native, id=26772, stack(0x0000002502900000,0x0000002502a00000) (1024K)]
  0x0000013678a257b0 JavaThread "Driver Service Executor"    daemon [_thread_blocked, id=18176, stack(0x0000002502a00000,0x0000002502b00000) (1024K)]
  0x0000013678a65a00 JavaThread "Driver Service Executor"    daemon [_thread_blocked, id=43664, stack(0x0000002502b00000,0x0000002502c00000) (1024K)]
  0x0000013678d86490 JavaThread "JdkHttpClient-0-0"          daemon [_thread_blocked, id=12888, stack(0x0000002503300000,0x0000002503400000) (1024K)]
  0x0000013678d88920 JavaThread "CompletableFutureDelayScheduler" daemon [_thread_blocked, id=5576, stack(0x0000002503400000,0x0000002503500000) (1024K)]
  0x0000013678d85d40 JavaThread "JdkHttpClient-0-1"          daemon [_thread_blocked, id=43296, stack(0x0000002503500000,0x0000002503600000) (1024K)]
  0x0000013678d86be0 JavaThread "JdkHttpClient-0-2"          daemon [_thread_blocked, id=22532, stack(0x0000002503600000,0x0000002503700000) (1024K)]
Total: 20

Other Threads:
  0x000001363206d090 VMThread "VM Thread"                           [id=42512, stack(0x0000002501a00000,0x0000002501b00000) (1024K)]
  0x0000013632059f20 WatcherThread "VM Periodic Task Thread"        [id=41428, stack(0x0000002501900000,0x0000002501a00000) (1024K)]
  0x0000013615ab1e30 WorkerThread "GC Thread#0"                     [id=27888, stack(0x0000002501400000,0x0000002501500000) (1024K)]
  0x0000013678cf99c0 WorkerThread "GC Thread#1"                     [id=43560, stack(0x0000002502c00000,0x0000002502d00000) (1024K)]
  0x0000013678ce96b0 WorkerThread "GC Thread#2"                     [id=40804, stack(0x0000002502d00000,0x0000002502e00000) (1024K)]
  0x0000013678ce9e70 WorkerThread "GC Thread#3"                     [id=32616, stack(0x0000002502e00000,0x0000002502f00000) (1024K)]
  0x0000013678aab0e0 WorkerThread "GC Thread#4"                     [id=31336, stack(0x0000002502f00000,0x0000002503000000) (1024K)]
  0x0000013678aab490 WorkerThread "GC Thread#5"                     [id=31276, stack(0x0000002503000000,0x0000002503100000) (1024K)]
  0x0000013678aafc60 WorkerThread "GC Thread#6"                     [id=25060, stack(0x0000002503100000,0x0000002503200000) (1024K)]
  0x0000013678ab1680 WorkerThread "GC Thread#7"                     [id=25832, stack(0x0000002503200000,0x0000002503300000) (1024K)]
  0x0000013615ac9570 ConcurrentGCThread "G1 Main Marker"            [id=15844, stack(0x0000002501500000,0x0000002501600000) (1024K)]
  0x0000013615ac9e90 WorkerThread "G1 Conc#0"                       [id=30556, stack(0x0000002501600000,0x0000002501700000) (1024K)]
  0x0000013631f1d430 ConcurrentGCThread "G1 Refine#0"               [id=34388, stack(0x0000002501700000,0x0000002501800000) (1024K)]
  0x0000013631f1ddc0 ConcurrentGCThread "G1 Service"                [id=39372, stack(0x0000002501800000,0x0000002501900000) (1024K)]
Total: 14

Threads with active compile tasks:
C2 CompilerThread0  73396 2389       4       jdk.internal.loader.URLClassPath::getResource (71 bytes)
Total: 1

VM state: not at safepoint (normal execution)

VM Mutex/Monitor currently owned by a thread: None

Heap address: 0x0000000085800000, size: 1960 MB, Compressed Oops mode: 32-bit

CDS archive(s) mapped at: [0x0000013633000000-0x0000013633d40000-0x0000013633d40000), size 13893632, SharedBaseAddress: 0x0000013633000000, ArchiveRelocationMode: 1.
Compressed class space mapped at: 0x0000013634000000-0x0000013674000000, reserved size: 1073741824
UseCompressedClassPointers 1, UseCompactObjectHeaders 0
Narrow klass pointer bits 32, Max shift 3
Narrow klass base: 0x0000013633000000, Narrow klass shift: 0
Encoding Range: [0x0000013633000000 - 0x0000013733000000), (4294967296 bytes)
Klass Range:    [0x0000013633000000 - 0x0000013674000000), (1090519040 bytes)
Klass ID Range:  [8 - 1090519033) (1090519025)

GC Precious Log:
 CardTable entry size: 512
 Card Set container configuration: InlinePtr #cards 5 size 8 Array Of Cards #cards 10 size 36 Howl #buckets 4 coarsen threshold 1843 Howl Bitmap #cards 512 size 80 coarsen threshold 460 Card regions per heap region 1 cards per card region 2048
 CPUs: 8 total, 8 available
 Memory: 7834M
 Large Page Support: Disabled
 NUMA Support: Disabled
 Compressed Oops: Enabled (32-bit)
 Heap Region Size: 1M
 Heap Min Capacity: 8M
 Heap Initial Capacity: 124M
 Heap Max Capacity: 1960M
 Pre-touch: Disabled
 Parallel Workers: 8
 Concurrent Workers: 2
 Concurrent Refinement Workers: 8
 Periodic GC: Disabled

Heap:
 garbage-first heap   total reserved 2007040K, committed 129024K, used 24244K [0x0000000085800000, 0x0000000100000000)
  region size 1024K, 19 young (19456K), 6 survivors (6144K)
 Metaspace       used 15974K, committed 16320K, reserved 1114112K
  class space    used 1658K, committed 1856K, reserved 1048576K

Heap Regions: E=young(eden), S=young(survivor), O=old, HS=humongous(starts), HC=humongous(continues), CS=collection set, F=free, TAMS=top-at-mark-start, PB=parsable bottom
|   0|0x0000000085800000, 0x0000000085900000, 0x0000000085900000|100%|HS|  |TAMS 0x0000000085800000| PB 0x0000000085800000| Complete |  0
|   1|0x0000000085900000, 0x0000000085a00000, 0x0000000085a00000|100%|HS|  |TAMS 0x0000000085900000| PB 0x0000000085900000| Complete |  0
|   2|0x0000000085a00000, 0x0000000085a00000, 0x0000000085b00000|  0%| F|  |TAMS 0x0000000085a00000| PB 0x0000000085a00000| Untracked |  0
|   3|0x0000000085b00000, 0x0000000085c00000, 0x0000000085c00000|100%| O|  |TAMS 0x0000000085b00000| PB 0x0000000085b00000| Untracked |  0
|   4|0x0000000085c00000, 0x0000000085d00000, 0x0000000085d00000|100%| O|  |TAMS 0x0000000085c00000| PB 0x0000000085c00000| Untracked |  0
|   5|0x0000000085d00000, 0x0000000085d90000, 0x0000000085e00000| 56%| O|  |TAMS 0x0000000085d00000| PB 0x0000000085d00000| Untracked |  0
|   6|0x0000000085e00000, 0x0000000085e00000, 0x0000000085f00000|  0%| F|  |TAMS 0x0000000085e00000| PB 0x0000000085e00000| Untracked |  0
|   7|0x0000000085f00000, 0x0000000085f00000, 0x0000000086000000|  0%| F|  |TAMS 0x0000000085f00000| PB 0x0000000085f00000| Untracked |  0
|   8|0x0000000086000000, 0x0000000086000000, 0x0000000086100000|  0%| F|  |TAMS 0x0000000086000000| PB 0x0000000086000000| Untracked |  0
|   9|0x0000000086100000, 0x0000000086100000, 0x0000000086200000|  0%| F|  |TAMS 0x0000000086100000| PB 0x0000000086100000| Untracked |  0
|  10|0x0000000086200000, 0x0000000086200000, 0x0000000086300000|  0%| F|  |TAMS 0x0000000086200000| PB 0x0000000086200000| Untracked |  0
|  11|0x0000000086300000, 0x0000000086300000, 0x0000000086400000|  0%| F|  |TAMS 0x0000000086300000| PB 0x0000000086300000| Untracked |  0
|  12|0x0000000086400000, 0x0000000086400000, 0x0000000086500000|  0%| F|  |TAMS 0x0000000086400000| PB 0x0000000086400000| Untracked |  0
|  13|0x0000000086500000, 0x0000000086500000, 0x0000000086600000|  0%| F|  |TAMS 0x0000000086500000| PB 0x0000000086500000| Untracked |  0
|  14|0x0000000086600000, 0x0000000086600000, 0x0000000086700000|  0%| F|  |TAMS 0x0000000086600000| PB 0x0000000086600000| Untracked |  0
|  15|0x0000000086700000, 0x0000000086700000, 0x0000000086800000|  0%| F|  |TAMS 0x0000000086700000| PB 0x0000000086700000| Untracked |  0
|  16|0x0000000086800000, 0x0000000086800000, 0x0000000086900000|  0%| F|  |TAMS 0x0000000086800000| PB 0x0000000086800000| Untracked |  0
|  17|0x0000000086900000, 0x0000000086900000, 0x0000000086a00000|  0%| F|  |TAMS 0x0000000086900000| PB 0x0000000086900000| Untracked |  0
|  18|0x0000000086a00000, 0x0000000086a00000, 0x0000000086b00000|  0%| F|  |TAMS 0x0000000086a00000| PB 0x0000000086a00000| Untracked |  0
|  19|0x0000000086b00000, 0x0000000086b00000, 0x0000000086c00000|  0%| F|  |TAMS 0x0000000086b00000| PB 0x0000000086b00000| Untracked |  0
|  20|0x0000000086c00000, 0x0000000086c00000, 0x0000000086d00000|  0%| F|  |TAMS 0x0000000086c00000| PB 0x0000000086c00000| Untracked |  0
|  21|0x0000000086d00000, 0x0000000086d00000, 0x0000000086e00000|  0%| F|  |TAMS 0x0000000086d00000| PB 0x0000000086d00000| Untracked |  0
|  22|0x0000000086e00000, 0x0000000086e00000, 0x0000000086f00000|  0%| F|  |TAMS 0x0000000086e00000| PB 0x0000000086e00000| Untracked |  0
|  23|0x0000000086f00000, 0x0000000086f00000, 0x0000000087000000|  0%| F|  |TAMS 0x0000000086f00000| PB 0x0000000086f00000| Untracked |  0
|  24|0x0000000087000000, 0x0000000087000000, 0x0000000087100000|  0%| F|  |TAMS 0x0000000087000000| PB 0x0000000087000000| Untracked |  0
|  25|0x0000000087100000, 0x0000000087100000, 0x0000000087200000|  0%| F|  |TAMS 0x0000000087100000| PB 0x0000000087100000| Untracked |  0
|  26|0x0000000087200000, 0x0000000087200000, 0x0000000087300000|  0%| F|  |TAMS 0x0000000087200000| PB 0x0000000087200000| Untracked |  0
|  27|0x0000000087300000, 0x0000000087300000, 0x0000000087400000|  0%| F|  |TAMS 0x0000000087300000| PB 0x0000000087300000| Untracked |  0
|  28|0x0000000087400000, 0x0000000087400000, 0x0000000087500000|  0%| F|  |TAMS 0x0000000087400000| PB 0x0000000087400000| Untracked |  0
|  29|0x0000000087500000, 0x0000000087500000, 0x0000000087600000|  0%| F|  |TAMS 0x0000000087500000| PB 0x0000000087500000| Untracked |  0
|  30|0x0000000087600000, 0x0000000087600000, 0x0000000087700000|  0%| F|  |TAMS 0x0000000087600000| PB 0x0000000087600000| Untracked |  0
|  31|0x0000000087700000, 0x0000000087700000, 0x0000000087800000|  0%| F|  |TAMS 0x0000000087700000| PB 0x0000000087700000| Untracked |  0
|  32|0x0000000087800000, 0x0000000087800000, 0x0000000087900000|  0%| F|  |TAMS 0x0000000087800000| PB 0x0000000087800000| Untracked |  0
|  33|0x0000000087900000, 0x0000000087900000, 0x0000000087a00000|  0%| F|  |TAMS 0x0000000087900000| PB 0x0000000087900000| Untracked |  0
|  34|0x0000000087a00000, 0x0000000087a00000, 0x0000000087b00000|  0%| F|  |TAMS 0x0000000087a00000| PB 0x0000000087a00000| Untracked |  0
|  35|0x0000000087b00000, 0x0000000087b00000, 0x0000000087c00000|  0%| F|  |TAMS 0x0000000087b00000| PB 0x0000000087b00000| Untracked |  0
|  36|0x0000000087c00000, 0x0000000087c00000, 0x0000000087d00000|  0%| F|  |TAMS 0x0000000087c00000| PB 0x0000000087c00000| Untracked |  0
|  37|0x0000000087d00000, 0x0000000087d00000, 0x0000000087e00000|  0%| F|  |TAMS 0x0000000087d00000| PB 0x0000000087d00000| Untracked |  0
|  38|0x0000000087e00000, 0x0000000087e00000, 0x0000000087f00000|  0%| F|  |TAMS 0x0000000087e00000| PB 0x0000000087e00000| Untracked |  0
|  39|0x0000000087f00000, 0x0000000087f00000, 0x0000000088000000|  0%| F|  |TAMS 0x0000000087f00000| PB 0x0000000087f00000| Untracked |  0
|  40|0x0000000088000000, 0x0000000088000000, 0x0000000088100000|  0%| F|  |TAMS 0x0000000088000000| PB 0x0000000088000000| Untracked |  0
|  41|0x0000000088100000, 0x0000000088100000, 0x0000000088200000|  0%| F|  |TAMS 0x0000000088100000| PB 0x0000000088100000| Untracked |  0
|  42|0x0000000088200000, 0x0000000088200000, 0x0000000088300000|  0%| F|  |TAMS 0x0000000088200000| PB 0x0000000088200000| Untracked |  0
|  43|0x0000000088300000, 0x0000000088300000, 0x0000000088400000|  0%| F|  |TAMS 0x0000000088300000| PB 0x0000000088300000| Untracked |  0
|  44|0x0000000088400000, 0x0000000088400000, 0x0000000088500000|  0%| F|  |TAMS 0x0000000088400000| PB 0x0000000088400000| Untracked |  0
|  45|0x0000000088500000, 0x0000000088500000, 0x0000000088600000|  0%| F|  |TAMS 0x0000000088500000| PB 0x0000000088500000| Untracked |  0
|  46|0x0000000088600000, 0x0000000088600000, 0x0000000088700000|  0%| F|  |TAMS 0x0000000088600000| PB 0x0000000088600000| Untracked |  0
|  47|0x0000000088700000, 0x0000000088700000, 0x0000000088800000|  0%| F|  |TAMS 0x0000000088700000| PB 0x0000000088700000| Untracked |  0
|  48|0x0000000088800000, 0x0000000088800000, 0x0000000088900000|  0%| F|  |TAMS 0x0000000088800000| PB 0x0000000088800000| Untracked |  0
|  49|0x0000000088900000, 0x0000000088900000, 0x0000000088a00000|  0%| F|  |TAMS 0x0000000088900000| PB 0x0000000088900000| Untracked |  0
|  50|0x0000000088a00000, 0x0000000088a00000, 0x0000000088b00000|  0%| F|  |TAMS 0x0000000088a00000| PB 0x0000000088a00000| Untracked |  0
|  51|0x0000000088b00000, 0x0000000088b00000, 0x0000000088c00000|  0%| F|  |TAMS 0x0000000088b00000| PB 0x0000000088b00000| Untracked |  0
|  52|0x0000000088c00000, 0x0000000088c00000, 0x0000000088d00000|  0%| F|  |TAMS 0x0000000088c00000| PB 0x0000000088c00000| Untracked |  0
|  53|0x0000000088d00000, 0x0000000088d00000, 0x0000000088e00000|  0%| F|  |TAMS 0x0000000088d00000| PB 0x0000000088d00000| Untracked |  0
|  54|0x0000000088e00000, 0x0000000088e00000, 0x0000000088f00000|  0%| F|  |TAMS 0x0000000088e00000| PB 0x0000000088e00000| Untracked |  0
|  55|0x0000000088f00000, 0x0000000088f00000, 0x0000000089000000|  0%| F|  |TAMS 0x0000000088f00000| PB 0x0000000088f00000| Untracked |  0
|  56|0x0000000089000000, 0x0000000089000000, 0x0000000089100000|  0%| F|  |TAMS 0x0000000089000000| PB 0x0000000089000000| Untracked |  0
|  57|0x0000000089100000, 0x0000000089100000, 0x0000000089200000|  0%| F|  |TAMS 0x0000000089100000| PB 0x0000000089100000| Untracked |  0
|  58|0x0000000089200000, 0x0000000089200000, 0x0000000089300000|  0%| F|  |TAMS 0x0000000089200000| PB 0x0000000089200000| Untracked |  0
|  59|0x0000000089300000, 0x0000000089300000, 0x0000000089400000|  0%| F|  |TAMS 0x0000000089300000| PB 0x0000000089300000| Untracked |  0
|  60|0x0000000089400000, 0x0000000089400000, 0x0000000089500000|  0%| F|  |TAMS 0x0000000089400000| PB 0x0000000089400000| Untracked |  0
|  61|0x0000000089500000, 0x0000000089500000, 0x0000000089600000|  0%| F|  |TAMS 0x0000000089500000| PB 0x0000000089500000| Untracked |  0
|  62|0x0000000089600000, 0x0000000089600000, 0x0000000089700000|  0%| F|  |TAMS 0x0000000089600000| PB 0x0000000089600000| Untracked |  0
|  63|0x0000000089700000, 0x0000000089700000, 0x0000000089800000|  0%| F|  |TAMS 0x0000000089700000| PB 0x0000000089700000| Untracked |  0
|  64|0x0000000089800000, 0x0000000089800000, 0x0000000089900000|  0%| F|  |TAMS 0x0000000089800000| PB 0x0000000089800000| Untracked |  0
|  65|0x0000000089900000, 0x0000000089900000, 0x0000000089a00000|  0%| F|  |TAMS 0x0000000089900000| PB 0x0000000089900000| Untracked |  0
|  66|0x0000000089a00000, 0x0000000089a00000, 0x0000000089b00000|  0%| F|  |TAMS 0x0000000089a00000| PB 0x0000000089a00000| Untracked |  0
|  67|0x0000000089b00000, 0x0000000089b00000, 0x0000000089c00000|  0%| F|  |TAMS 0x0000000089b00000| PB 0x0000000089b00000| Untracked |  0
|  68|0x0000000089c00000, 0x0000000089c00000, 0x0000000089d00000|  0%| F|  |TAMS 0x0000000089c00000| PB 0x0000000089c00000| Untracked |  0
|  69|0x0000000089d00000, 0x0000000089d00000, 0x0000000089e00000|  0%| F|  |TAMS 0x0000000089d00000| PB 0x0000000089d00000| Untracked |  0
|  70|0x0000000089e00000, 0x0000000089e00000, 0x0000000089f00000|  0%| F|  |TAMS 0x0000000089e00000| PB 0x0000000089e00000| Untracked |  0
|  71|0x0000000089f00000, 0x000000008a000000, 0x000000008a000000|100%| S|CS|TAMS 0x0000000089f00000| PB 0x0000000089f00000| Complete |  0
|  72|0x000000008a000000, 0x000000008a100000, 0x000000008a100000|100%| S|CS|TAMS 0x000000008a000000| PB 0x000000008a000000| Complete |  0
|  73|0x000000008a100000, 0x000000008a200000, 0x000000008a200000|100%| S|CS|TAMS 0x000000008a100000| PB 0x000000008a100000| Complete |  0
|  74|0x000000008a200000, 0x000000008a300000, 0x000000008a300000|100%| S|CS|TAMS 0x000000008a200000| PB 0x000000008a200000| Complete |  0
|  75|0x000000008a300000, 0x000000008a400000, 0x000000008a400000|100%| S|CS|TAMS 0x000000008a300000| PB 0x000000008a300000| Complete |  0
|  76|0x000000008a400000, 0x000000008a500000, 0x000000008a500000|100%| S|CS|TAMS 0x000000008a400000| PB 0x000000008a400000| Complete |  0
|  77|0x000000008a500000, 0x000000008a500000, 0x000000008a600000|  0%| F|  |TAMS 0x000000008a500000| PB 0x000000008a500000| Untracked |  0
|  78|0x000000008a600000, 0x000000008a600000, 0x000000008a700000|  0%| F|  |TAMS 0x000000008a600000| PB 0x000000008a600000| Untracked |  0
|  79|0x000000008a700000, 0x000000008a700000, 0x000000008a800000|  0%| F|  |TAMS 0x000000008a700000| PB 0x000000008a700000| Untracked |  0
|  80|0x000000008a800000, 0x000000008a800000, 0x000000008a900000|  0%| F|  |TAMS 0x000000008a800000| PB 0x000000008a800000| Untracked |  0
|  81|0x000000008a900000, 0x000000008a900000, 0x000000008aa00000|  0%| F|  |TAMS 0x000000008a900000| PB 0x000000008a900000| Untracked |  0
|  82|0x000000008aa00000, 0x000000008aa00000, 0x000000008ab00000|  0%| F|  |TAMS 0x000000008aa00000| PB 0x000000008aa00000| Untracked |  0
|  83|0x000000008ab00000, 0x000000008ab00000, 0x000000008ac00000|  0%| F|  |TAMS 0x000000008ab00000| PB 0x000000008ab00000| Untracked |  0
|  84|0x000000008ac00000, 0x000000008ac00000, 0x000000008ad00000|  0%| F|  |TAMS 0x000000008ac00000| PB 0x000000008ac00000| Untracked |  0
|  85|0x000000008ad00000, 0x000000008ad00000, 0x000000008ae00000|  0%| F|  |TAMS 0x000000008ad00000| PB 0x000000008ad00000| Untracked |  0
|  86|0x000000008ae00000, 0x000000008ae00000, 0x000000008af00000|  0%| F|  |TAMS 0x000000008ae00000| PB 0x000000008ae00000| Untracked |  0
|  87|0x000000008af00000, 0x000000008af00000, 0x000000008b000000|  0%| F|  |TAMS 0x000000008af00000| PB 0x000000008af00000| Untracked |  0
|  88|0x000000008b000000, 0x000000008b000000, 0x000000008b100000|  0%| F|  |TAMS 0x000000008b000000| PB 0x000000008b000000| Untracked |  0
|  89|0x000000008b100000, 0x000000008b100000, 0x000000008b200000|  0%| F|  |TAMS 0x000000008b100000| PB 0x000000008b100000| Untracked |  0
|  90|0x000000008b200000, 0x000000008b200000, 0x000000008b300000|  0%| F|  |TAMS 0x000000008b200000| PB 0x000000008b200000| Untracked |  0
|  91|0x000000008b300000, 0x000000008b300000, 0x000000008b400000|  0%| F|  |TAMS 0x000000008b300000| PB 0x000000008b300000| Untracked |  0
|  92|0x000000008b400000, 0x000000008b400000, 0x000000008b500000|  0%| F|  |TAMS 0x000000008b400000| PB 0x000000008b400000| Untracked |  0
|  93|0x000000008b500000, 0x000000008b500000, 0x000000008b600000|  0%| F|  |TAMS 0x000000008b500000| PB 0x000000008b500000| Untracked |  0
|  94|0x000000008b600000, 0x000000008b600000, 0x000000008b700000|  0%| F|  |TAMS 0x000000008b600000| PB 0x000000008b600000| Untracked |  0
|  95|0x000000008b700000, 0x000000008b700000, 0x000000008b800000|  0%| F|  |TAMS 0x000000008b700000| PB 0x000000008b700000| Untracked |  0
|  96|0x000000008b800000, 0x000000008b800000, 0x000000008b900000|  0%| F|  |TAMS 0x000000008b800000| PB 0x000000008b800000| Untracked |  0
|  97|0x000000008b900000, 0x000000008b900000, 0x000000008ba00000|  0%| F|  |TAMS 0x000000008b900000| PB 0x000000008b900000| Untracked |  0
|  98|0x000000008ba00000, 0x000000008ba00000, 0x000000008bb00000|  0%| F|  |TAMS 0x000000008ba00000| PB 0x000000008ba00000| Untracked |  0
|  99|0x000000008bb00000, 0x000000008bb00000, 0x000000008bc00000|  0%| F|  |TAMS 0x000000008bb00000| PB 0x000000008bb00000| Untracked |  0
| 100|0x000000008bc00000, 0x000000008bc00000, 0x000000008bd00000|  0%| F|  |TAMS 0x000000008bc00000| PB 0x000000008bc00000| Untracked |  0
| 101|0x000000008bd00000, 0x000000008bd00000, 0x000000008be00000|  0%| F|  |TAMS 0x000000008bd00000| PB 0x000000008bd00000| Untracked |  0
| 102|0x000000008be00000, 0x000000008be00000, 0x000000008bf00000|  0%| F|  |TAMS 0x000000008be00000| PB 0x000000008be00000| Untracked |  0
| 103|0x000000008bf00000, 0x000000008bf00000, 0x000000008c000000|  0%| F|  |TAMS 0x000000008bf00000| PB 0x000000008bf00000| Untracked |  0
| 104|0x000000008c000000, 0x000000008c000000, 0x000000008c100000|  0%| F|  |TAMS 0x000000008c000000| PB 0x000000008c000000| Untracked |  0
| 105|0x000000008c100000, 0x000000008c100000, 0x000000008c200000|  0%| F|  |TAMS 0x000000008c100000| PB 0x000000008c100000| Untracked |  0
| 106|0x000000008c200000, 0x000000008c200000, 0x000000008c300000|  0%| F|  |TAMS 0x000000008c200000| PB 0x000000008c200000| Untracked |  0
| 107|0x000000008c300000, 0x000000008c300000, 0x000000008c400000|  0%| F|  |TAMS 0x000000008c300000| PB 0x000000008c300000| Untracked |  0
| 108|0x000000008c400000, 0x000000008c400000, 0x000000008c500000|  0%| F|  |TAMS 0x000000008c400000| PB 0x000000008c400000| Untracked |  0
| 109|0x000000008c500000, 0x000000008c500000, 0x000000008c600000|  0%| F|  |TAMS 0x000000008c500000| PB 0x000000008c500000| Untracked |  0
| 110|0x000000008c600000, 0x000000008c600000, 0x000000008c700000|  0%| F|  |TAMS 0x000000008c600000| PB 0x000000008c600000| Untracked |  0
| 111|0x000000008c700000, 0x000000008c737d58, 0x000000008c800000| 21%| E|  |TAMS 0x000000008c700000| PB 0x000000008c700000| Complete |  0
| 112|0x000000008c800000, 0x000000008c900000, 0x000000008c900000|100%| E|CS|TAMS 0x000000008c800000| PB 0x000000008c800000| Complete |  0
| 113|0x000000008c900000, 0x000000008ca00000, 0x000000008ca00000|100%| E|CS|TAMS 0x000000008c900000| PB 0x000000008c900000| Complete |  0
| 114|0x000000008ca00000, 0x000000008cb00000, 0x000000008cb00000|100%| E|CS|TAMS 0x000000008ca00000| PB 0x000000008ca00000| Complete |  0
| 115|0x000000008cb00000, 0x000000008cc00000, 0x000000008cc00000|100%| E|CS|TAMS 0x000000008cb00000| PB 0x000000008cb00000| Complete |  0
| 116|0x000000008cc00000, 0x000000008cd00000, 0x000000008cd00000|100%| E|CS|TAMS 0x000000008cc00000| PB 0x000000008cc00000| Complete |  0
| 117|0x000000008cd00000, 0x000000008ce00000, 0x000000008ce00000|100%| E|CS|TAMS 0x000000008cd00000| PB 0x000000008cd00000| Complete |  0
| 118|0x000000008ce00000, 0x000000008cf00000, 0x000000008cf00000|100%| E|CS|TAMS 0x000000008ce00000| PB 0x000000008ce00000| Complete |  0
| 119|0x000000008cf00000, 0x000000008d000000, 0x000000008d000000|100%| E|CS|TAMS 0x000000008cf00000| PB 0x000000008cf00000| Complete |  0
| 120|0x000000008d000000, 0x000000008d100000, 0x000000008d100000|100%| E|CS|TAMS 0x000000008d000000| PB 0x000000008d000000| Complete |  0
| 121|0x000000008d100000, 0x000000008d200000, 0x000000008d200000|100%| E|CS|TAMS 0x000000008d100000| PB 0x000000008d100000| Complete |  0
| 122|0x000000008d200000, 0x000000008d300000, 0x000000008d300000|100%| E|CS|TAMS 0x000000008d200000| PB 0x000000008d200000| Complete |  0
| 123|0x000000008d300000, 0x000000008d400000, 0x000000008d400000|100%| E|CS|TAMS 0x000000008d300000| PB 0x000000008d300000| Complete |  0
|1958|0x00000000ffe00000, 0x00000000fff00000, 0x00000000fff00000|100%| O|  |TAMS 0x00000000ffe00000| PB 0x00000000ffe00000| Untracked |  0
|1959|0x00000000fff00000, 0x00000000fff1d1c0, 0x0000000100000000| 11%| O|  |TAMS 0x00000000fff00000| PB 0x00000000fff00000| Untracked |  0

Card table byte_map: [0x000001362da00000,0x000001362dde0000] _byte_map_base: 0x000001362d5d4000

Marking Bits: (CMBitMap*) 0x0000013615ab4360
 Bits: [0x000001362dde0000, 0x000001362fc80000)

Polling page: 0x0000013613870000

Metaspace:

Usage:
  Non-class:     13.98 MB used.
      Class:      1.62 MB used.
       Both:     15.60 MB used.

Virtual space:
  Non-class space:       64.00 MB reserved,      14.12 MB ( 22%) committed,  1 nodes.
      Class space:        1.00 GB reserved,       1.81 MB ( <1%) committed,  1 nodes.
             Both:        1.06 GB reserved,      15.94 MB (  1%) committed. 

Chunk freelists:
   Non-Class:  1.44 MB
       Class:  14.06 MB
        Both:  15.50 MB

MaxMetaspaceSize: unlimited
CompressedClassSpaceSize: 1.00 GB
Initial GC threshold: 21.00 MB
Current GC threshold: 21.00 MB
CDS: on
 - commit_granule_bytes: 65536.
 - commit_granule_words: 8192.
 - virtual_space_node_default_size: 8388608.
 - enlarge_chunks_in_place: 1.
UseCompressedClassPointers 1, UseCompactObjectHeaders 0
Narrow klass pointer bits 32, Max shift 3
Narrow klass base: 0x0000013633000000, Narrow klass shift: 0
Encoding Range: [0x0000013633000000 - 0x0000013733000000), (4294967296 bytes)
Klass Range:    [0x0000013633000000 - 0x0000013674000000), (1090519040 bytes)
Klass ID Range:  [8 - 1090519033) (1090519025)


Internal statistics:

num_allocs_failed_limit: 0.
num_arena_births: 312.
num_arena_deaths: 0.
num_vsnodes_births: 2.
num_vsnodes_deaths: 0.
num_space_committed: 255.
num_space_uncommitted: 0.
num_chunks_returned_to_freelist: 0.
num_chunks_taken_from_freelist: 730.
num_chunk_merges: 0.
num_chunk_splits: 427.
num_chunks_enlarged: 253.
num_inconsistent_stats: 0.

CodeHeap 'non-profiled nmethods': size=120064Kb used=786Kb max_used=786Kb free=119277Kb
 bounds [0x0000013625db0000, 0x0000013626020000, 0x000001362d2f0000]
CodeHeap 'profiled nmethods': size=120000Kb used=3995Kb max_used=3995Kb free=116004Kb
 bounds [0x000001361e2f0000, 0x000001361e6e0000, 0x0000013625820000]
CodeHeap 'non-nmethods': size=5696Kb used=1550Kb max_used=1679Kb free=4145Kb
 bounds [0x0000013625820000, 0x0000013625a90000, 0x0000013625db0000]
CodeCache: size=245760Kb, used=6331Kb, max_used=6460Kb, free=239426Kb
 total_blobs=2997, nmethods=2425, adapters=476, full_count=0
Compilation: enabled, stopped_count=0, restarted_count=0

Compilation events (20 events):
Event: 69.042 Thread 0x0000013632714090 2392       3       java.lang.invoke.LambdaForm::useCount (107 bytes)
Event: 69.044 Thread 0x0000013632714090 nmethod 2392 0x000001361e6cc408 code [0x000001361e6cc540, 0x000001361e6cc918]
Event: 69.051 Thread 0x0000013632714090 2393       3       java.lang.invoke.MethodHandleImpl::makeIntrinsic (14 bytes)
Event: 69.053 Thread 0x0000013632714090 nmethod 2393 0x000001361e6cc988 code [0x000001361e6ccb00, 0x000001361e6cd1e8]
Event: 69.053 Thread 0x0000013632714090 2394       3       java.lang.invoke.MethodHandleImpl$IntrinsicMethodHandle::<init> (8 bytes)
Event: 69.056 Thread 0x0000013632714090 nmethod 2394 0x000001361e6cd288 code [0x000001361e6cd3e0, 0x000001361e6cda10]
Event: 69.080 Thread 0x0000013632714090 2396       3       java.lang.invoke.MethodHandles::makeIdentity (23 bytes)
Event: 69.082 Thread 0x0000013632714090 nmethod 2396 0x000001361e6cda88 code [0x000001361e6cdc80, 0x000001361e6ce7a8]
Event: 69.082 Thread 0x0000013632714090 2397       3       java.lang.invoke.LambdaForm::identityForm (27 bytes)
Event: 69.083 Thread 0x0000013632714090 nmethod 2397 0x000001361e6ce888 code [0x000001361e6ce9c0, 0x000001361e6cec08]
Event: 69.083 Thread 0x0000013632714090 2398       3       java.lang.invoke.DelegatingMethodHandle::rebind (8 bytes)
Event: 69.083 Thread 0x0000013632714090 nmethod 2398 0x000001361e6cec88 code [0x000001361e6cedc0, 0x000001361e6cf048]
Event: 72.145 Thread 0x0000013632714090 2399       3       java.util.stream.Collectors::joining (34 bytes)
Event: 72.148 Thread 0x0000013632714090 nmethod 2399 0x000001361e6cf088 code [0x000001361e6cf260, 0x000001361e6cff10]
Event: 72.148 Thread 0x0000013632714090 2400       3       java.util.stream.Collectors$$Lambda/0x80000004a::get (16 bytes)
Event: 72.149 Thread 0x0000013632714090 nmethod 2400 0x000001361e6d0008 code [0x000001361e6d0120, 0x000001361e6d0268]
Event: 72.149 Thread 0x0000013632714090 2401       3       java.util.stream.Collectors::lambda$joining$1 (11 bytes)
Event: 72.149 Thread 0x0000013632714090 nmethod 2401 0x000001361e6d0308 code [0x000001361e6d0420, 0x000001361e6d05c0]
Event: 72.149 Thread 0x0000013632714090 2402       3       java.util.stream.Collectors$$Lambda/0x800000047::apply (8 bytes)
Event: 72.149 Thread 0x0000013632714090 nmethod 2402 0x000001361e6d0608 code [0x000001361e6d0720, 0x000001361e6d09b0]

GC Heap History (2 events):
Event: 4.776 GC heap before
{Heap before GC invocations=0 (full 0):
 garbage-first heap   total reserved 2007040K, committed 129024K, used 51316K [0x0000000085800000, 0x0000000100000000)
  region size 1024K, 47 young (48128K), 0 survivors (0K)
 Metaspace       used 13984K, committed 14208K, reserved 1114112K
  class space    used 1376K, committed 1472K, reserved 1048576K
}
Event: 4.795 GC heap after
{Heap after GC invocations=1 (full 0):
 garbage-first heap   total reserved 2007040K, committed 129024K, used 11956K [0x0000000085800000, 0x0000000100000000)
  region size 1024K, 6 young (6144K), 6 survivors (6144K)
 Metaspace       used 13984K, committed 14208K, reserved 1114112K
  class space    used 1376K, committed 1472K, reserved 1048576K
}

Dll operation events (10 events):
Event: 0.084 Loaded shared library C:\Program Files\Java\jdk-24\bin\java.dll
Event: 0.257 Loaded shared library C:\Program Files\Java\jdk-24\bin\jsvml.dll
Event: 0.584 Loaded shared library C:\Program Files\Java\jdk-24\bin\net.dll
Event: 0.595 Loaded shared library C:\Program Files\Java\jdk-24\bin\nio.dll
Event: 0.642 Loaded shared library C:\Program Files\Java\jdk-24\bin\zip.dll
Event: 1.296 Loaded shared library C:\Program Files\Java\jdk-24\bin\jimage.dll
Event: 1.851 Loaded shared library C:\Program Files\Java\jdk-24\bin\extnet.dll
Event: 3.400 Loaded shared library C:\Program Files\Java\jdk-24\bin\management.dll
Event: 3.408 Loaded shared library C:\Program Files\Java\jdk-24\bin\management_ext.dll
Event: 4.057 Loaded shared library C:\Program Files\Java\jdk-24\bin\sunmscapi.dll

Deoptimization events (20 events):
Event: 4.967 Thread 0x0000013678a04240 Uncommon trap: trap_request=0xffffff4d fr.pc=0x0000013625e31f60 relative=0x0000000000000ce0
Event: 4.967 Thread 0x0000013678a04240 Uncommon trap: reason=unstable_if action=reinterpret pc=0x0000013625e31f60 method=java.util.concurrent.ConcurrentHashMap.addCount(JI)V @ 171 c2
Event: 4.967 Thread 0x0000013678a04240 DEOPT PACKING pc=0x0000013625e31f60 sp=0x00000025028fe550
Event: 4.968 Thread 0x0000013678a04240 DEOPT UNPACKING pc=0x0000013625943282 sp=0x00000025028fe400 mode 2
Event: 43.552 Thread 0x000001361358f130 Uncommon trap: trap_request=0xffffff4d fr.pc=0x0000013625e0e9ec relative=0x00000000000000cc
Event: 43.554 Thread 0x000001361358f130 Uncommon trap: reason=unstable_if action=reinterpret pc=0x0000013625e0e9ec method=jdk.internal.classfile.impl.RawBytecodeHelper.next()Z @ 46 c2
Event: 43.555 Thread 0x000001361358f130 DEOPT PACKING pc=0x0000013625e0e9ec sp=0x00000025013fc0e0
Event: 43.557 Thread 0x000001361358f130 DEOPT UNPACKING pc=0x0000013625943282 sp=0x00000025013fc068 mode 2
Event: 44.280 Thread 0x000001361358f130 Uncommon trap: trap_request=0xffffff66 fr.pc=0x0000013625e27b8c relative=0x00000000000003cc
Event: 44.280 Thread 0x000001361358f130 Uncommon trap: reason=speculate_class_check action=maybe_recompile pc=0x0000013625e27b8c method=java.lang.String.<init>(Ljava/lang/AbstractStringBuilder;Ljava/lang/Void;)V @ 10 c2
Event: 44.280 Thread 0x000001361358f130 DEOPT PACKING pc=0x0000013625e27b8c sp=0x00000025013fe270
Event: 44.280 Thread 0x000001361358f130 DEOPT UNPACKING pc=0x0000013625943282 sp=0x00000025013fe240 mode 2
Event: 44.348 Thread 0x000001361358f130 Uncommon trap: trap_request=0xffffff66 fr.pc=0x0000013625e27b8c relative=0x00000000000003cc
Event: 44.348 Thread 0x000001361358f130 Uncommon trap: reason=speculate_class_check action=maybe_recompile pc=0x0000013625e27b8c method=java.lang.String.<init>(Ljava/lang/AbstractStringBuilder;Ljava/lang/Void;)V @ 10 c2
Event: 44.348 Thread 0x000001361358f130 DEOPT PACKING pc=0x0000013625e27b8c sp=0x00000025013fe340
Event: 44.348 Thread 0x000001361358f130 DEOPT UNPACKING pc=0x0000013625943282 sp=0x00000025013fe310 mode 2
Event: 67.781 Thread 0x000001361358f130 Uncommon trap: trap_request=0xffffffcc fr.pc=0x0000013625e42f88 relative=0x00000000000003c8
Event: 67.782 Thread 0x000001361358f130 Uncommon trap: reason=intrinsic_or_type_checked_inlining action=make_not_entrant pc=0x0000013625e42f88 method=java.util.Arrays.copyOf([Ljava/lang/Object;ILjava/lang/Class;)[Ljava/lang/Object; @ 35 c2
Event: 67.783 Thread 0x000001361358f130 DEOPT PACKING pc=0x0000013625e42f88 sp=0x00000025013fee00
Event: 67.783 Thread 0x000001361358f130 DEOPT UNPACKING pc=0x0000013625943282 sp=0x00000025013fed90 mode 2

Classes loaded (20 events):
Event: 42.526 Loading class java/util/stream/FindOps$FindSink$OfLong
Event: 42.548 Loading class java/util/stream/Sink$OfLong
Event: 42.564 Loading class java/util/stream/Sink$OfLong done
Event: 42.607 Loading class java/util/stream/FindOps$FindSink$OfLong done
Event: 42.662 Loading class java/util/OptionalLong
Event: 42.665 Loading class java/util/OptionalLong done
Event: 42.748 Loading class java/util/stream/ReferencePipeline$5$1
Event: 42.750 Loading class java/util/stream/ReferencePipeline$5$1 done
Event: 42.797 Loading class java/lang/invoke/VarHandleBytes$FieldInstanceReadWrite
Event: 42.799 Loading class java/lang/invoke/VarHandleBytes$FieldInstanceReadOnly
Event: 42.800 Loading class java/lang/invoke/VarHandleBytes$FieldInstanceReadOnly done
Event: 42.802 Loading class java/lang/invoke/VarHandleBytes$FieldInstanceReadWrite done
Event: 43.490 Loading class java/io/Reader$2
Event: 43.492 Loading class java/io/Reader$2 done
Event: 44.232 Loading class java/nio/file/FileVisitor
Event: 44.232 Loading class java/nio/file/FileVisitor done
Event: 44.285 Loading class java/util/LinkedList$DescendingIterator
Event: 44.285 Loading class java/util/LinkedList$DescendingIterator done
Event: 66.071 Loading class jdk/internal/event/ThreadSleepEvent
Event: 66.107 Loading class jdk/internal/event/ThreadSleepEvent done

Classes unloaded (0 events):
No events

Classes redefined (0 events):
No events

Internal exceptions (20 events):
Event: 4.606 Thread 0x0000013678a257b0 Exception <a 'java/net/ConnectException'{0x000000008a9cdfd8}: Connection refused: getsockopt> (0x000000008a9cdfd8) 
thrown [s\open\src\hotspot\share\prims\jni.cpp, line 536]
Event: 4.606 Thread 0x0000013678a257b0 Exception <a 'java/net/ConnectException'{0x000000008a9ce848}: Connection refused: getsockopt> (0x000000008a9ce848) 
thrown [s\open\src\hotspot\share\prims\jni.cpp, line 536]
Event: 4.616 Thread 0x0000013678a257b0 Exception <a 'java/net/ConnectException'{0x000000008a9cf0b8}: Connection refused: getsockopt> (0x000000008a9cf0b8) 
thrown [s\open\src\hotspot\share\prims\jni.cpp, line 536]
Event: 4.643 Thread 0x000001361358f130 Exception <a 'java/lang/NoSuchMethodError'{0x000000008a977a20}: 'double java.lang.invoke.DirectMethodHandle$Holder.invokeVirtual(java.lang.Object, java.lang.Object)'> (0x000000008a977a20) 
thrown [s\open\src\hotspot\share\interpreter\linkResolver.cpp, line 805]
Event: 4.644 Thread 0x000001361358f130 Exception <a 'java/lang/NoSuchMethodError'{0x000000008a887be0}: 'float java.lang.invoke.DirectMethodHandle$Holder.invokeVirtual(java.lang.Object, java.lang.Object)'> (0x000000008a887be0) 
thrown [s\open\src\hotspot\share\interpreter\linkResolver.cpp, line 805]
Event: 4.647 Thread 0x000001361358f130 Exception <a 'java/lang/NoSuchMethodError'{0x000000008a89e878}: 'long java.lang.invoke.DirectMethodHandle$Holder.invokeVirtual(java.lang.Object, java.lang.Object)'> (0x000000008a89e878) 
thrown [s\open\src\hotspot\share\interpreter\linkResolver.cpp, line 805]
Event: 4.661 Thread 0x000001361358f130 Exception <a 'java/lang/NoSuchMethodError'{0x000000008a8e4d80}: 'java.lang.Object java.lang.invoke.DirectMethodHandle$Holder.invokeVirtual(java.lang.Object, java.lang.Object, java.lang.Object)'> (0x000000008a8e4d80) 
thrown [s\open\src\hotspot\share\interpreter\linkResolver.cpp, line 805]
Event: 4.725 Thread 0x000001361358f130 Exception <a 'java/lang/NoSuchMethodError'{0x000000008a6cc350}: 'java.lang.Object java.lang.invoke.DirectMethodHandle$Holder.newInvokeSpecial(java.lang.Object, java.lang.Object, int, int)'> (0x000000008a6cc350) 
thrown [s\open\src\hotspot\share\interpreter\linkResolver.cpp, line 805]
Event: 4.730 Thread 0x000001361358f130 Exception <a 'java/lang/NoSuchMethodError'{0x000000008a6dd488}: 'void java.lang.invoke.DirectMethodHandle$Holder.invokeStatic(java.lang.Object, java.lang.Object, int)'> (0x000000008a6dd488) 
thrown [s\open\src\hotspot\share\interpreter\linkResolver.cpp, line 805]
Event: 4.832 Thread 0x000001361358f130 Exception <a 'java/lang/NoSuchMethodError'{0x000000008d12f150}: 'void java.lang.invoke.DirectMethodHandle$Holder.invokeInterface(java.lang.Object, java.lang.Object, java.lang.Object)'> (0x000000008d12f150) 
thrown [s\open\src\hotspot\share\interpreter\linkResolver.cpp, line 805]
Event: 4.912 Thread 0x0000013678d86490 Exception <a 'java/lang/NoSuchMethodError'{0x000000008d0b77e0}: 'java.lang.Object java.lang.invoke.DirectMethodHandle$Holder.invokeSpecial(java.lang.Object, java.lang.Object, java.lang.Object, java.lang.Object, java.lang.Object, int)'> (0x000000008d0b77e0) 
thrown [s\open\src\hotspot\share\interpreter\linkResolver.cpp, line 805]
Event: 4.913 Thread 0x0000013678d86490 Exception <a 'java/lang/NoSuchMethodError'{0x000000008d0c7c40}: 'java.lang.Object java.lang.invoke.Invokers$Holder.linkToTargetMethod(java.lang.Object, java.lang.Object, int, java.lang.Object)'> (0x000000008d0c7c40) 
thrown [s\open\src\hotspot\share\interpreter\linkResolver.cpp, line 805]
Event: 4.950 Thread 0x0000013678d86490 Exception <a 'java/lang/NoSuchMethodError'{0x000000008cf69cb0}: 'void java.lang.invoke.DirectMethodHandle$Holder.invokeSpecial(java.lang.Object, java.lang.Object, java.lang.Object, java.lang.Object, java.lang.Object)'> (0x000000008cf69cb0) 
thrown [s\open\src\hotspot\share\interpreter\linkResolver.cpp, line 805]
Event: 4.961 Thread 0x0000013678d86490 Exception <a 'java/lang/NoSuchMethodError'{0x000000008cfb4458}: 'long java.lang.invoke.DirectMethodHandle$Holder.invokeStatic(java.lang.Object, long, long)'> (0x000000008cfb4458) 
thrown [s\open\src\hotspot\share\interpreter\linkResolver.cpp, line 805]
Event: 4.968 Thread 0x0000013678a04240 Exception <a 'java/lang/NoSuchMethodError'{0x000000008d07bc90}: 'int java.lang.invoke.DirectMethodHandle$Holder.invokeStatic(java.lang.Object, int, java.lang.Object)'> (0x000000008d07bc90) 
thrown [s\open\src\hotspot\share\interpreter\linkResolver.cpp, line 805]
Event: 4.971 Thread 0x0000013678a04240 Exception <a 'java/lang/NoSuchMethodError'{0x000000008d099d50}: 'java.lang.Object java.lang.invoke.DirectMethodHandle$Holder.newInvokeSpecial(java.lang.Object, java.lang.Object, int)'> (0x000000008d099d50) 
thrown [s\open\src\hotspot\share\interpreter\linkResolver.cpp, line 805]
Event: 4.981 Thread 0x0000013678d85d40 Exception <a 'java/lang/NoSuchMethodError'{0x000000008ce7c0c8}: 'int java.lang.invoke.DirectMethodHandle$Holder.invokeSpecialIFC(java.lang.Object, java.lang.Object, java.lang.Object, java.lang.Object, java.lang.Object)'> (0x000000008ce7c0c8) 
thrown [s\open\src\hotspot\share\interpreter\linkResolver.cpp, line 805]
Event: 43.145 Thread 0x0000013678d85d40 Exception <a 'java/lang/NoSuchMethodError'{0x000000008cc33e50}: 'void java.lang.invoke.DirectMethodHandle$Holder.invokeSpecial(java.lang.Object, java.lang.Object, java.lang.Object, java.lang.Object, java.lang.Object, java.lang.Object, java.lang.Object)'> (0x000000008cc33e50) 
thrown [s\open\src\hotspot\share\interpreter\linkResolver.cpp, line 805]
Event: 43.686 Thread 0x000001361358f130 Exception <a 'java/lang/NoSuchMethodError'{0x000000008ccc1300}: 'java.lang.Object java.lang.invoke.DirectMethodHandle$Holder.invokeSpecialIFC(java.lang.Object, java.lang.Object, java.lang.Object)'> (0x000000008ccc1300) 
thrown [s\open\src\hotspot\share\interpreter\linkResolver.cpp, line 805]
Event: 69.032 Thread 0x000001361358f130 Exception <a 'java/lang/NoSuchMethodError'{0x000000008c9c0a00}: 'void java.lang.invoke.DirectMethodHandle$Holder.invokeInterface(java.lang.Object, java.lang.Object)'> (0x000000008c9c0a00) 
thrown [s\open\src\hotspot\share\interpreter\linkResolver.cpp, line 805]

VM Operations (20 events):
Event: 3.597 Executing VM operation: HandshakeAllThreads (Deoptimize)
Event: 3.597 Executing VM operation: HandshakeAllThreads (Deoptimize) done
Event: 3.617 Executing VM operation: HandshakeAllThreads (Deoptimize)
Event: 3.617 Executing VM operation: HandshakeAllThreads (Deoptimize) done
Event: 3.626 Executing VM operation: HandshakeAllThreads (Deoptimize)
Event: 3.626 Executing VM operation: HandshakeAllThreads (Deoptimize) done
Event: 3.826 Executing VM operation: HandshakeAllThreads (Deoptimize)
Event: 3.826 Executing VM operation: HandshakeAllThreads (Deoptimize) done
Event: 4.776 Executing VM operation: G1CollectForAllocation (G1 Evacuation Pause)
Event: 4.795 Executing VM operation: G1CollectForAllocation (G1 Evacuation Pause) done
Event: 41.715 Executing VM operation: HandshakeAllThreads (Deoptimize)
Event: 41.723 Executing VM operation: HandshakeAllThreads (Deoptimize) done
Event: 41.991 Executing VM operation: HandshakeAllThreads (Deoptimize)
Event: 41.991 Executing VM operation: HandshakeAllThreads (Deoptimize) done
Event: 43.581 Executing VM operation: HandshakeAllThreads (Deoptimize)
Event: 43.582 Executing VM operation: HandshakeAllThreads (Deoptimize) done
Event: 60.241 Executing VM operation: HandshakeAllThreads (HandshakeForDeflation)
Event: 60.243 Executing VM operation: HandshakeAllThreads (HandshakeForDeflation) done
Event: 60.243 Executing VM operation: RendezvousGCThreads
Event: 60.243 Executing VM operation: RendezvousGCThreads done

Memory protections (0 events):
No events

Nmethod flushes (0 events):
No events

Events (20 events):
Event: 0.248 Thread 0x000001361358f130 Thread added: 0x0000013632085db0
Event: 0.248 Thread 0x000001361358f130 Thread added: 0x0000013632087bf0
Event: 0.248 Thread 0x000001361358f130 Thread added: 0x0000013632089b60
Event: 0.248 Thread 0x000001361358f130 Thread added: 0x000001363208a9c0
Event: 0.249 Thread 0x000001361358f130 Thread added: 0x0000013632714090
Event: 0.564 Thread 0x000001361358f130 Thread added: 0x00000136327a6260
Event: 0.569 Thread 0x000001361358f130 Thread added: 0x00000136327b0c80
Event: 1.869 Thread 0x000001361358f130 Thread added: 0x00000136787c59c0
Event: 3.475 Thread 0x000001361358f130 Thread added: 0x0000013678a9a710
Event: 4.184 Thread 0x000001361358f130 Thread added: 0x0000013678a04240
Event: 4.355 Thread 0x000001361358f130 Thread added: 0x0000013678a25070
Event: 4.359 Thread 0x000001361358f130 Thread added: 0x0000013678a257b0
Event: 4.360 Thread 0x000001361358f130 Thread added: 0x0000013678a65a00
Event: 4.838 Thread 0x000001361358f130 Thread added: 0x0000013678d86490
Event: 4.845 Thread 0x000001361358f130 Thread added: 0x0000013678d88920
Event: 4.973 Thread 0x0000013678a04240 Thread added: 0x0000013678d85d40
Event: 4.980 Thread 0x0000013678a04240 Thread added: 0x0000013678d86be0
Event: 4.981 Thread 0x0000013678a04240 Thread added: 0x0000013678d87330
Event: 63.534 Thread 0x0000013678a9a710 Thread exited: 0x0000013678a9a710
Event: 65.204 Thread 0x0000013678d87330 Thread exited: 0x0000013678d87330


Dynamic libraries:
0x00007ff7e9030000 - 0x00007ff7e9040000 	C:\Program Files\Java\jdk-24\bin\javaw.exe
0x00007ff86e200000 - 0x00007ff86e467000 	C:\WINDOWS\SYSTEM32\ntdll.dll
0x00007ff86d1a0000 - 0x00007ff86d269000 	C:\WINDOWS\System32\KERNEL32.DLL
0x00007ff86b4d0000 - 0x00007ff86b8c7000 	C:\WINDOWS\System32\KERNELBASE.dll
0x00007ff86b8d0000 - 0x00007ff86ba1b000 	C:\WINDOWS\System32\ucrtbase.dll
0x00007ff84f200000 - 0x00007ff84f21b000 	C:\Program Files\Java\jdk-24\bin\VCRUNTIME140.dll
0x00007ff84f080000 - 0x00007ff84f096000 	C:\Program Files\Java\jdk-24\bin\jli.dll
0x00007ff86ce50000 - 0x00007ff86d016000 	C:\WINDOWS\System32\USER32.dll
0x00007ff86ac30000 - 0x00007ff86ac57000 	C:\WINDOWS\System32\win32u.dll
0x00007ff86d020000 - 0x00007ff86d04b000 	C:\WINDOWS\System32\GDI32.dll
0x00007ff86ba20000 - 0x00007ff86bb4c000 	C:\WINDOWS\System32\gdi32full.dll
0x00007ff84d8b0000 - 0x00007ff84db42000 	C:\WINDOWS\WinSxS\amd64_microsoft.windows.common-controls_6595b64144ccf1df_6.0.26100.8457_none_3e0b2faee331e92d\COMCTL32.dll
0x00007ff86bd60000 - 0x00007ff86be03000 	C:\WINDOWS\System32\msvcp_win.dll
0x00007ff86d410000 - 0x00007ff86d4b9000 	C:\WINDOWS\System32\msvcrt.dll
0x00007ff86c690000 - 0x00007ff86c6c2000 	C:\WINDOWS\System32\IMM32.DLL
0x00007ff8587b0000 - 0x00007ff8587bc000 	C:\Program Files\Java\jdk-24\bin\vcruntime140_1.dll
0x00007ff8393b0000 - 0x00007ff83943e000 	C:\Program Files\Java\jdk-24\bin\msvcp140.dll
0x00007fff8ec10000 - 0x00007fff8f9b2000 	C:\Program Files\Java\jdk-24\bin\server\jvm.dll
0x00007ff86de90000 - 0x00007ff86df46000 	C:\WINDOWS\System32\ADVAPI32.dll
0x00007ff86c060000 - 0x00007ff86c107000 	C:\WINDOWS\System32\sechost.dll
0x00007ff86d6d0000 - 0x00007ff86d7e8000 	C:\WINDOWS\System32\RPCRT4.dll
0x00007ff86df50000 - 0x00007ff86dfd0000 	C:\WINDOWS\System32\WS2_32.dll
0x00007ff86aa90000 - 0x00007ff86aaee000 	C:\WINDOWS\SYSTEM32\POWRPROF.dll
0x00007ff860710000 - 0x00007ff860746000 	C:\WINDOWS\SYSTEM32\WINMM.dll
0x00007ff860210000 - 0x00007ff86021b000 	C:\WINDOWS\SYSTEM32\VERSION.dll
0x00007ff86aa70000 - 0x00007ff86aa84000 	C:\WINDOWS\SYSTEM32\UMPDC.dll
0x00007ff8699c0000 - 0x00007ff8699db000 	C:\WINDOWS\SYSTEM32\kernel.appcore.dll
0x00007ff858770000 - 0x00007ff85877a000 	C:\Program Files\Java\jdk-24\bin\jimage.dll
0x00007ff868b90000 - 0x00007ff868dd2000 	C:\WINDOWS\SYSTEM32\DBGHELP.DLL
0x00007ff86c270000 - 0x00007ff86c5f3000 	C:\WINDOWS\System32\combase.dll
0x00007ff86bf80000 - 0x00007ff86c059000 	C:\WINDOWS\System32\OLEAUT32.dll
0x00007ff8495f0000 - 0x00007ff84962b000 	C:\WINDOWS\SYSTEM32\dbgcore.DLL
0x00007ff86bed0000 - 0x00007ff86bf78000 	C:\WINDOWS\System32\bcryptPrimitives.dll
0x00007ff84dd10000 - 0x00007ff84dd2e000 	C:\Program Files\Java\jdk-24\bin\java.dll
0x00007ff86dcf0000 - 0x00007ff86de87000 	C:\WINDOWS\System32\ole32.dll
0x00007ff86c6d0000 - 0x00007ff86ce3e000 	C:\WINDOWS\System32\SHELL32.dll
0x00007ff86ac60000 - 0x00007ff86b4cc000 	C:\WINDOWS\System32\windows.storage.dll
0x00007ff86d540000 - 0x00007ff86d636000 	C:\WINDOWS\System32\SHCORE.dll
0x00007ff86dc80000 - 0x00007ff86dce6000 	C:\WINDOWS\System32\shlwapi.dll
0x00007ff86ab50000 - 0x00007ff86ab79000 	C:\WINDOWS\SYSTEM32\profapi.dll
0x00007ff8352e0000 - 0x00007ff8353b7000 	C:\Program Files\Java\jdk-24\bin\jsvml.dll
0x00007ff84dd00000 - 0x00007ff84dd10000 	C:\Program Files\Java\jdk-24\bin\net.dll
0x00007ff869f30000 - 0x00007ff869f9c000 	C:\WINDOWS\system32\mswsock.dll
0x00007ff84c880000 - 0x00007ff84c896000 	C:\Program Files\Java\jdk-24\bin\nio.dll
0x00007ff849630000 - 0x00007ff849647000 	C:\Program Files\Java\jdk-24\bin\zip.dll
0x00007ff8694c0000 - 0x00007ff8695f2000 	C:\WINDOWS\SYSTEM32\DNSAPI.dll
0x00007ff869480000 - 0x00007ff8694b2000 	C:\WINDOWS\SYSTEM32\IPHLPAPI.DLL
0x00007ff86d400000 - 0x00007ff86d40a000 	C:\WINDOWS\System32\NSI.dll
0x00007ff8602f0000 - 0x00007ff8602fb000 	C:\Windows\System32\rasadhlp.dll
0x00007ff8632b0000 - 0x00007ff863336000 	C:\WINDOWS\System32\fwpuclnt.dll
0x00007ff84cd20000 - 0x00007ff84cd29000 	C:\Program Files\Java\jdk-24\bin\extnet.dll
0x00007ff86a210000 - 0x00007ff86a22b000 	C:\WINDOWS\SYSTEM32\CRYPTSP.dll
0x00007ff869920000 - 0x00007ff869959000 	C:\WINDOWS\system32\rsaenh.dll
0x00007ff869fe0000 - 0x00007ff86a013000 	C:\WINDOWS\SYSTEM32\USERENV.dll
0x00007ff86ab20000 - 0x00007ff86ab4a000 	C:\WINDOWS\SYSTEM32\bcrypt.dll
0x00007ff86a230000 - 0x00007ff86a23c000 	C:\WINDOWS\SYSTEM32\CRYPTBASE.dll
0x00007ff84c940000 - 0x00007ff84c94a000 	C:\Program Files\Java\jdk-24\bin\management.dll
0x00007ff84c870000 - 0x00007ff84c87b000 	C:\Program Files\Java\jdk-24\bin\management_ext.dll
0x00007ff86c600000 - 0x00007ff86c608000 	C:\WINDOWS\System32\PSAPI.DLL
0x00007ff84c780000 - 0x00007ff84c78e000 	C:\Program Files\Java\jdk-24\bin\sunmscapi.dll
0x00007ff86bbe0000 - 0x00007ff86bd58000 	C:\WINDOWS\System32\CRYPT32.dll
0x00007ff86a430000 - 0x00007ff86a460000 	C:\WINDOWS\SYSTEM32\ncrypt.dll
0x00007ff86a3e0000 - 0x00007ff86a41f000 	C:\WINDOWS\SYSTEM32\NTASN1.dll
0x00007ff83b380000 - 0x00007ff83b388000 	C:\WINDOWS\system32\wshunix.dll

JVMTI agents: none

dbghelp: loaded successfully - version: 4.0.5 - missing functions: none
symbol engine: initialized successfully - sym options: 0x614 - pdb path: .;C:\Program Files\Java\jdk-24\bin;C:\WINDOWS\SYSTEM32;C:\WINDOWS\WinSxS\amd64_microsoft.windows.common-controls_6595b64144ccf1df_6.0.26100.8457_none_3e0b2faee331e92d;C:\Program Files\Java\jdk-24\bin\server

VM Arguments:
jvm_args: -ea -Dfile.encoding=UTF-8 -Dstdout.encoding=UTF-8 -Dstderr.encoding=UTF-8 -XX:+ShowCodeDetailsInExceptionMessages 
java_command: org.testng.remote.RemoteTestNG -serport 65397 -protocol json -d C:\eclipse-java-2025-03-R-win32-x86_64\eclipse\sample\test-output C:\Users\labsa\AppData\Local\Temp\testng-eclipse--1917317915\testng-customsuite.xml
java_class_path (initial): C:\eclipse-java-2025-03-R-win32-x86_64\eclipse\configuration\org.eclipse.osgi\526\0\.cp\lib\testng-remote.jar;C:\eclipse-java-2025-03-R-win32-x86_64\eclipse\sample\target\test-classes;C:\eclipse-java-2025-03-R-win32-x86_64\eclipse\sample\target\classes;C:\eclipse-java-2025-03-R-win32-x86_64\eclipse\epmproject\epm_project\target\classes;C:\Users\labsa\.m2\repository\org\seleniumhq\selenium\selenium-java\4.32.0\selenium-java-4.32.0.jar;C:\Users\labsa\.m2\repository\org\seleniumhq\selenium\selenium-api\4.32.0\selenium-api-4.32.0.jar;C:\Users\labsa\.m2\repository\org\jspecify\jspecify\1.0.0\jspecify-1.0.0.jar;C:\Users\labsa\.m2\repository\org\seleniumhq\selenium\selenium-chrome-driver\4.32.0\selenium-chrome-driver-4.32.0.jar;C:\Users\labsa\.m2\repository\com\google\auto\service\auto-service-annotations\1.1.1\auto-service-annotations-1.1.1.jar;C:\Users\labsa\.m2\repository\org\seleniumhq\selenium\selenium-chromium-driver\4.32.0\selenium-chromium-driver-4.32.0.jar;C:\Users\labsa\.m2\repository\org\seleniumhq\selenium\selenium-json\4.32.0\selenium-json-4.32.0.jar;C:\Users\labsa\.m2\repository\org\seleniumhq\selenium\selenium-manager\4.32.0\selenium-manager-4.32.0.jar;C:\Users\labsa\.m2\repository\org\seleniumhq\selenium\selenium-devtools-v134\4.32.0\selenium-devtools-v134-4.32.0.jar;C:\Users\labsa\.m2\repository\org\seleniumhq\selenium\selenium-devtools-v135\4.32.0\selenium-devtools-v135-4.32.0.jar;C:\Users\labsa\.m2\repository\org\seleniumhq\selenium\selenium-devtools-v136\4.32.0\selenium-devtools-v136-4.32.0.jar;C:\Users\labsa\.m2\repository\org\seleniumhq\selenium\selenium-edge-driver\4.32.0\selenium-edge-driver-4.32.0.jar;C:\Users\labsa\.m2\repository\org\seleniumhq\selenium\selenium-firefox-driver\4.32.0\selenium-firefox-driver-4.32.0.jar;C:\Users\labsa\.m2\repository\org\seleniumhq\selenium\selenium-http\4.32.0\selenium-http-4.32.0.jar;C:\Users\labsa\.m2\repository\org\seleniumhq\selenium\selenium-ie-driver\4.32.0\selenium-ie-driver-4.32.0.jar;C:\Users\labsa\.m2\repository\org\seleniumhq\selenium\selenium-remote-driver\4.32.0\selenium-remote-driver-4.32.0.jar;C:\Users\labsa\.m2\repository\com\google\guava\guava\33.4.8-jre\guava-33.4.8-jre.jar;C:\Users\labsa\.m2\repository\com\google\guava\failureaccess\1.0.3\failureaccess-1.0.3.jar;C:\Users\labsa\.m2\repository\com\google\guava\listenablefuture\9999.0-empty-to-avoid-conflict-with-guava\listenablefuture-9999.0-empty-to-avoid-conflict-with-guava.jar;C:\Users\labsa\.m2\repository\com\google\errorprone\error_prone_annotations\2.36.0\error_prone_annotations-2.36.0.jar;C:\Users\labsa\.m2\repository\com\google\j2objc\j2objc-annotations\3.0.0\j2objc-annotations-3.0.0.jar;C:\Users\labsa\.m2\repository\io\opentelemetry\opentelemetry-api\1.49.0\opentelemetry-api-1.49.0.jar;C:\Users\labsa\.m2\repository\io\opentelemetry\opentelemetry-context\1.49.0\opentelemetry-context-1.49.0.jar;C:\Users\labsa\.m2\repository\io\opentelemetry\opentelemetry-exporter-logging\1.49.0\opentelemetry-exporter-logging-1.49.0.jar;C:\Users\labsa\.m2\repository\io\opentelemetry\opentelemetry-sdk-common\1.49.0\opentelemetry-sdk-common-1.49.0.jar;C:\Users\labsa\.m2\repository\io\opentelemetry\opentelemetry-sdk-extension-autoconfigure-spi\1.49.0\opentelemetry-sdk-extension-autoconfigure-spi-1.49.0.jar;C:\Users\labsa\.m2\repository\io\opentelemetry\opentelemetry-sdk-extension-autoconfigure\1.49.0\opentelemetry-sdk-extension-autoconfigure-1.49.0.jar;C:\Users\labsa\.m2\repository\io\opentelemetry\opentelemetry-sdk-trace\1.49.0\opentelemetry-sdk-trace-1.49.0.jar;C:\Users\labsa\.m2\repository\io\opentelemetry\opentelemetry-sdk\1.49.0\opentelemetry-sdk-1.49.0.jar;C:\Users\labsa\.m2\repository\io\opentelemetry\opentelemetry-sdk-metrics\1.49.0\opentelemetry-sdk-metrics-1.49.0.jar;C:\Users\labsa\.m2\repository\io\opentelemetry\opentelemetry-sdk-logs\1.49.0\opentelemetry-sdk-logs-1.49.0.jar;C:\Users\labsa\.m2\repository\net\bytebuddy\byte-buddy\1.17.5\byte-buddy-1.17.5.jar;C:\Users\labsa\.m2\repository\org\seleniumhq\selenium\selenium-os\4.32.0\selenium-os-4.32.0.jar;C:\Users\labsa\.m2\repository\org\apache\commons\commons-exec\1.4.0\commons-exec-1.4.0.jar;C:\Users\labsa\.m2\repository\org\seleniumhq\selenium\selenium-safari-driver\4.32.0\selenium-safari-driver-4.32.0.jar;C:\Users\labsa\.m2\repository\org\seleniumhq\selenium\selenium-support\4.32.0\selenium-support-4.32.0.jar;C:\Users\labsa\.m2\repository\io\github\bonigarcia\webdrivermanager\5.5.3\webdrivermanager-5.5.3.jar;C:\Users\labsa\.m2\repository\org\slf4j\slf4j-api\2.0.7\slf4j-api-2.0.7.jar;C:\Users\labsa\.m2\repository\com\google\code\gson\gson\2.10.1\gson-2.10.1.jar;C:\Users\labsa\.m2\repository\com\github\docker-java\docker-java\3.3.3\docker-java-3.3.3.jar;C:\Users\labsa\.m2\repository\com\github\docker-java\docker-java-core\3.3.3\docker-java-core-3.3.3.jar;C:\Users\labsa\.m2\repository\com\github\docker-java\docker-java-api\3.3.3\docker-java-api-3.3.3.jar;C:\Users\labsa\.m2\repository\com\fasterxml\jackson\core\jackson-annotations\2.10.3\jackson-annotations-2.10.3.jar;C:\Users\labsa\.m2\repository\commons-io\commons-io\2.6\commons-io-2.6.jar;C:\Users\labsa\.m2\repository\org\apache\commons\commons-compress\1.21\commons-compress-1.21.jar;C:\Users\labsa\.m2\repository\com\fasterxml\jackson\core\jackson-databind\2.10.3\jackson-databind-2.10.3.jar;C:\Users\labsa\.m2\repository\com\fasterxml\jackson\core\jackson-core\2.10.3\jackson-core-2.10.3.jar;C:\Users\labsa\.m2\repository\org\bouncycastle\bcpkix-jdk18on\1.75\bcpkix-jdk18on-1.75.jar;C:\Users\labsa\.m2\repository\org\bouncycastle\bcprov-jdk18on\1.75\bcprov-jdk18on-1.75.jar;C:\Users\labsa\.m2\repository\org\bouncycastle\bcutil-jdk18on\1.75\bcutil-jdk18on-1.75.jar;C:\Users\labsa\.m2\repository\org\slf4j\jcl-over-slf4j\1.7.30\jcl-over-slf4j-1.7.30.jar;C:\Users\labsa\.m2\repository\com\github\docker-java\docker-java-transport-httpclient5\3.3.3\docker-java-transport-httpclient5-3.3.3.jar;C:\Users\labsa\.m2\repository\com\github\docker-java\docker-java-transport\3.3.3\docker-java-transport-3.3.3.jar;C:\Users\labsa\.m2\repository\net\java\dev\jna\jna\5.12.1\jna-5.12.1.jar;C:\Users\labsa\.m2\repository\org\brotli\dec\0.1.2\dec-0.1.2.jar;C:\Users\labsa\.m2\repository\org\apache\commons\commons-lang3\3.13.0\commons-lang3-3.13.0.jar;C:\Users\labsa\.m2\repository\org\apache\httpcomponents\client5\httpclient5\5.2.1\httpclient5-5.2.1.jar;C:\Users\labsa\.m2\repository\org\apache\httpcomponents\core5\httpcore5\5.2\httpcore5-5.2.jar;C:\Users\labsa\.m2\repository\org\apache\httpcomponents\core5\httpcore5-h2\5.2\httpcore5-h2-5.2.jar;C:\Users\labsa\.m2\repository\com\aventstack\extentreports\5.1.1\extentreports-5.1.1.jar;C:\Users\labsa\.m2\repository\io\reactivex\rxjava3\rxjava\3.1.6\rxjava-3.1.6.jar;C:\Users\labsa\.m2\repository\org\reactivestreams\reactive-streams\1.0.4\reactive-streams-1.0.4.jar;C:\Users\labsa\.m2\repository\org\freemarker\freemarker\2.3.32\freemarker-2.3.32.jar;C:\Users\labsa\.m2\repository\org\projectlombok\lombok\1.18.26\lombok-1.18.26.jar;C:\Users\labsa\.m2\repository\io\cucumber\cucumber-java\7.21.1\cucumber-java-7.21.1.jar;C:\Users\labsa\.m2\repository\io\cucumber\cucumber-core\7.21.1\cucumber-core-7.21.1.jar;C:\Users\labsa\.m2\repository\io\cucumber\cucumber-gherkin\7.21.1\cucumber-gherkin-7.21.1.jar;C:\Users\labsa\.m2\repository\io\cucumber\cucumber-gherkin-messages\7.21.1\cucumber-gherkin-messages-7.21.1.jar;C:\Users\labsa\.m2\repository\io\cucumber\gherkin\31.0.0\gherkin-31.0.0.jar;C:\Users\labsa\.m2\repository\io\cucumber\messages\27.2.0\messages-27.2.0.jar;C:\Users\labsa\.m2\repository\io\cucumber\testng-xml-formatter\0.3.1\testng-xml-formatter-0.3.1.jar;C:\Users\labsa\.m2\repository\io\cucumber\query\13.6.0\query-13.6.0.jar;C:\Users\labsa\.m2\repository\io\cucumber\tag-expressions\6.1.2\tag-expressions-6.1.2.jar;C:\Users\labsa\.m2\repository\io\cucumber\cucumber-expressions\18.0.1\cucumber-expressions-18.0.1.jar;C:\Users\labsa\.m2\repository\io\cucumber\datatable\7.21.1\datatable-7.21.1.jar;C:\Users\labsa\.m2\repository\io\cucumber\cucumber-plugin\7.21.1\cucumber-plugin-7.21.1.jar;C:\Users\labsa\.m2\repository\io\cucumber\docstring\7.21.1\docstring-7.21.1.jar;C:\Users\labsa\.m2\repository\io\cucumber\html-formatter\21.9.0\html-formatter-21.9.0.jar;C:\Users\labsa\.m2\repository\io\cucumber\junit-xml-formatter\0.7.1\junit-xml-formatter-0.7.1.jar;C:\Users\labsa\.m2\repository\io\cucumber\ci-environment\10.0.1\ci-environment-10.0.1.jar;C:\Users\labsa\.m2\repository\org\apiguardian\apiguardian-api\1.1.2\apiguardian-api-1.1.2.jar;C:\Users\labsa\.m2\repository\io\cucumber\cucumber-testng\7.21.1\cucumber-testng-7.21.1.jar;C:\Users\labsa\.m2\repository\org\testng\testng\7.10.2\testng-7.10.2.jar;C:\Users\labsa\.m2\repository\com\beust\jcommander\1.82\jcommander-1.82.jar;C:\Users\labsa\.m2\repository\org\webjars\jquery\3.7.1\jquery-3.7.1.jar;C:\Users\labsa\.m2\repository\org\apache\poi\poi-ooxml-lite\5.4.1\poi-ooxml-lite-5.4.1.jar;C:\Users\labsa\.m2\repository\org\apache\xmlbeans\xmlbeans\5.3.0\xmlbeans-5.3.0.jar
Launcher Type: SUN_STANDARD

[Global flags]
     intx CICompilerCount                          = 4                                         {product} {ergonomic}
     uint ConcGCThreads                            = 2                                         {product} {ergonomic}
     uint G1ConcRefinementThreads                  = 8                                         {product} {ergonomic}
   size_t G1HeapRegionSize                         = 1048576                                   {product} {ergonomic}
   size_t InitialHeapSize                          = 130023424                                 {product} {ergonomic}
   size_t MarkStackSize                            = 4194304                                   {product} {ergonomic}
   size_t MarkStackSizeMax                         = 536870912                                 {product} {ergonomic}
   size_t MaxHeapSize                              = 2055208960                                {product} {ergonomic}
   size_t MaxNewSize                               = 1233125376                                {product} {ergonomic}
   size_t MinHeapDeltaBytes                        = 1048576                                   {product} {ergonomic}
   size_t MinHeapSize                              = 8388608                                   {product} {ergonomic}
    uintx NonNMethodCodeHeapSize                   = 5832704                                {pd product} {ergonomic}
    uintx NonProfiledCodeHeapSize                  = 122945536                              {pd product} {ergonomic}
    uintx ProfiledCodeHeapSize                     = 122880000                              {pd product} {ergonomic}
    uintx ReservedCodeCacheSize                    = 251658240                              {pd product} {ergonomic}
     bool SegmentedCodeCache                       = true                                      {product} {ergonomic}
     bool ShowCodeDetailsInExceptionMessages       = true                                   {manageable} {command line}
   size_t SoftMaxHeapSize                          = 2055208960                             {manageable} {ergonomic}
     bool UseCompressedOops                        = true                           {product lp64_product} {ergonomic}
     bool UseG1GC                                  = true                                      {product} {ergonomic}
     bool UseLargePagesIndividualAllocation        = false                                  {pd product} {ergonomic}

Logging:
Log output configuration:
 #0: stdout all=warning uptime,level,tags foldmultilines=false
 #1: stderr all=off uptime,level,tags foldmultilines=false

Environment Variables:
PATH=C:/eclipse-java-2025-03-R-win32-x86_64/eclipse//plugins/org.eclipse.justj.openjdk.hotspot.jre.full.win32.x86_64_21.0.6.v20250130-0529/jre/bin/server;C:/eclipse-java-2025-03-R-win32-x86_64/eclipse//plugins/org.eclipse.justj.openjdk.hotspot.jre.full.win32.x86_64_21.0.6.v20250130-0529/jre/bin;C:\Program Files\Common Files\Oracle\Java\javapath;C:\WINDOWS\system32;C:\WINDOWS;C:\WINDOWS\System32\Wbem;C:\WINDOWS\System32\WindowsPowerShell\v1.0\;C:\WINDOWS\System32\OpenSSH\;C:\Program Files (x86)\Microsoft SQL Server\160\Tools\Binn\;C:\Program Files\Microsoft SQL Server\160\Tools\Binn\;C:\Program Files\Microsoft SQL Server\Client SDK\ODBC\170\Tools\Binn\;C:\Program Files\Microsoft SQL Server\160\DTS\Binn\;C:\Program Files (x86)\Microsoft SQL Server\160\DTS\Binn\;C:\Program Files\nodejs\;C:\Program Files\Java\jdk-24\bin;C:\Program Files\Java\jdk-24\bin;C:\Users\labsa\AppData\Local\Microsoft\WindowsApps;C:\Users\labsa\AppData\Local\Programs\Microsoft_VS_Code\bin:D:\automation tutorials\apache-ant-1.10.13\bin;D:\automation tutorials\apache-ant-1.10.13\bin;C:\Users\labsa\AppData\Roaming\npm;;C:\eclipse-java-2025-03-R-win32-x86_64\eclipse;
USERNAME=labsa
OS=Windows_NT
PROCESSOR_IDENTIFIER=Intel64 Family 6 Model 140 Stepping 1, GenuineIntel
TMP=C:\Users\labsa\AppData\Local\Temp
TEMP=C:\Users\labsa\AppData\Local\Temp




Periodic native trim disabled

---------------  S Y S T E M  ---------------

OS:
 Windows 11 , 64 bit Build 26100 (10.0.26100.8328)
OS uptime: 65 days 7:49 hours

CPU: total 8 (initial active 8) (4 cores per cpu, 2 threads per core) family 6 model 140 stepping 1 microcode 0xb4, cx8, cmov, fxsr, ht, mmx, 3dnowpref, sse, sse2, sse3, ssse3, sse4.1, sse4.2, popcnt, lzcnt, tsc, tscinvbit, avx, avx2, aes, erms, clmul, bmi1, bmi2, adx, avx512f, avx512dq, avx512cd, avx512bw, avx512vl, sha, fma, vzeroupper, avx512_vpopcntdq, avx512_vpclmulqdq, avx512_vaes, avx512_vnni, clflush, clflushopt, clwb, avx512_vbmi2, avx512_vbmi, rdtscp, rdpid, fsrm, gfni, avx512_bitalg, f16c, pku, cet_ibt, cet_ss, avx512_ifma
Processor Information for processor 0
  Max Mhz: 2001, Current Mhz: 1500, Mhz Limit: 2001
Processor Information for processor 1
  Max Mhz: 2001, Current Mhz: 1500, Mhz Limit: 2001
Processor Information for processor 2
  Max Mhz: 2001, Current Mhz: 1500, Mhz Limit: 2001
Processor Information for processor 3
  Max Mhz: 2001, Current Mhz: 1500, Mhz Limit: 2001
Processor Information for processor 4
  Max Mhz: 2001, Current Mhz: 1200, Mhz Limit: 2001
Processor Information for processor 5
  Max Mhz: 2001, Current Mhz: 1200, Mhz Limit: 2001
Processor Information for processor 6
  Max Mhz: 2001, Current Mhz: 2001, Mhz Limit: 2001
Processor Information for processor 7
  Max Mhz: 2001, Current Mhz: 1200, Mhz Limit: 2001

Memory: 4k page, system-wide physical 7834M (363M free)
TotalPageFile size 31386M (AvailPageFile size 4M)
current process WorkingSet (physical memory assigned to process): 54M, peak: 154M
current process commit charge ("private bytes"): 244M, peak: 278M

vm_info: Java HotSpot(TM) 64-Bit Server VM (24.0.1+9-30) for windows-amd64 JRE (24.0.1+9-30), built on 2025-03-05T07:23:45Z with MS VC++ 17.6 (VS2022)

END.
